###############################################################################
#
# IAR ELF Linker V8.11.3.13950/W32 for ARM                30/Oct/2025  18:09:32
# Copyright 2007-2017 IAR Systems AB.
#
#    Output file  =  
#        C:\00-TYM-Balance\20210423_Enkhbat\STM32_B_Version\Exe\uart.out
#    Map file     =  
#        C:\00-TYM-Balance\20210423_Enkhbat\STM32_B_Version\List\uart.map
#    Command line =  
#        -f C:\Users\DHKim\AppData\Local\Temp\EW15EA.tmp
#        (C:\00-TYM-Balance\20210423_Enkhbat\STM32_B_Version\Obj\24LC02.o
#        C:\00-TYM-Balance\20210423_Enkhbat\STM32_B_Version\Obj\adc.o
#        C:\00-TYM-Balance\20210423_Enkhbat\STM32_B_Version\Obj\BALANCE.o
#        C:\00-TYM-Balance\20210423_Enkhbat\STM32_B_Version\Obj\CAN_APP.o
#        C:\00-TYM-Balance\20210423_Enkhbat\STM32_B_Version\Obj\cortexm3_macro.o
#        C:\00-TYM-Balance\20210423_Enkhbat\STM32_B_Version\Obj\iexec.o
#        C:\00-TYM-Balance\20210423_Enkhbat\STM32_B_Version\Obj\main.o
#        C:\00-TYM-Balance\20210423_Enkhbat\STM32_B_Version\Obj\settings.o
#        C:\00-TYM-Balance\20210423_Enkhbat\STM32_B_Version\Obj\stm32f10x_adc.o
#        C:\00-TYM-Balance\20210423_Enkhbat\STM32_B_Version\Obj\stm32f10x_bkp.o
#        C:\00-TYM-Balance\20210423_Enkhbat\STM32_B_Version\Obj\stm32f10x_can.o
#        C:\00-TYM-Balance\20210423_Enkhbat\STM32_B_Version\Obj\stm32f10x_crc.o
#        C:\00-TYM-Balance\20210423_Enkhbat\STM32_B_Version\Obj\stm32f10x_dac.o
#        C:\00-TYM-Balance\20210423_Enkhbat\STM32_B_Version\Obj\stm32f10x_dbgmcu.o
#        C:\00-TYM-Balance\20210423_Enkhbat\STM32_B_Version\Obj\stm32f10x_dma.o
#        C:\00-TYM-Balance\20210423_Enkhbat\STM32_B_Version\Obj\stm32f10x_exti.o
#        C:\00-TYM-Balance\20210423_Enkhbat\STM32_B_Version\Obj\stm32f10x_flash.o
#        C:\00-TYM-Balance\20210423_Enkhbat\STM32_B_Version\Obj\stm32f10x_fsmc.o
#        C:\00-TYM-Balance\20210423_Enkhbat\STM32_B_Version\Obj\stm32f10x_gpio.o
#        C:\00-TYM-Balance\20210423_Enkhbat\STM32_B_Version\Obj\stm32f10x_i2c.o
#        C:\00-TYM-Balance\20210423_Enkhbat\STM32_B_Version\Obj\stm32f10x_init.o
#        C:\00-TYM-Balance\20210423_Enkhbat\STM32_B_Version\Obj\stm32f10x_it.o
#        C:\00-TYM-Balance\20210423_Enkhbat\STM32_B_Version\Obj\stm32f10x_iwdg.o
#        C:\00-TYM-Balance\20210423_Enkhbat\STM32_B_Version\Obj\stm32f10x_lib.o
#        C:\00-TYM-Balance\20210423_Enkhbat\STM32_B_Version\Obj\stm32f10x_nvic.o
#        C:\00-TYM-Balance\20210423_Enkhbat\STM32_B_Version\Obj\stm32f10x_pwr.o
#        C:\00-TYM-Balance\20210423_Enkhbat\STM32_B_Version\Obj\stm32f10x_rcc.o
#        C:\00-TYM-Balance\20210423_Enkhbat\STM32_B_Version\Obj\stm32f10x_rtc.o
#        C:\00-TYM-Balance\20210423_Enkhbat\STM32_B_Version\Obj\stm32f10x_sdio.o
#        C:\00-TYM-Balance\20210423_Enkhbat\STM32_B_Version\Obj\stm32f10x_spi.o
#        C:\00-TYM-Balance\20210423_Enkhbat\STM32_B_Version\Obj\stm32f10x_systick.o
#        C:\00-TYM-Balance\20210423_Enkhbat\STM32_B_Version\Obj\stm32f10x_tim.o
#        C:\00-TYM-Balance\20210423_Enkhbat\STM32_B_Version\Obj\stm32f10x_usart.o
#        C:\00-TYM-Balance\20210423_Enkhbat\STM32_B_Version\Obj\stm32f10x_vector.o
#        C:\00-TYM-Balance\20210423_Enkhbat\STM32_B_Version\Obj\stm32f10x_wwdg.o
#        --redirect _Printf=_PrintfFullNoMb --redirect _Scanf=_ScanfFullNoMb -o
#        C:\00-TYM-Balance\20210423_Enkhbat\STM32_B_Version\Exe\uart.out --map
#        C:\00-TYM-Balance\20210423_Enkhbat\STM32_B_Version\List\uart.map --log
#        initialization,modules,sections,veneers --log_file
#        C:\00-TYM-Balance\20210423_Enkhbat\STM32_B_Version\List\uart.log
#        --config C:\00-TYM-Balance\20210423_Enkhbat\stm32f10x_flash.icf
#        --semihosting --entry __iar_program_start --vfe --text_out locale)
#
###############################################################################

*******************************************************************************
*** RUNTIME MODEL ATTRIBUTES
***

CppFlavor       = *
__SystemLibrary = DLib
__dlib_version  = 6


*******************************************************************************
*** HEAP SELECTION
***

The basic heap was selected because no calls to memory allocation
functions were found in the application outside of system library
functions, and there are calls to deallocation functions in the
application.


*******************************************************************************
*** PLACEMENT SUMMARY
***

"A0":  place at 0x08000000 { ro section .intvec };
"P1":  place in [from 0x08000000 to 0x0807ffff] { ro };
define block CSTACK with size = 1K, alignment = 8 { };
define block HEAP with size = 512, alignment = 8 { };
"P2":  place in [from 0x20000000 to 0x2000ffff] {
          rw, block CSTACK, block HEAP };
initialize by copy { rw };

  Section            Kind        Address    Size  Object
  -------            ----        -------    ----  ------
"A0":                                      0x130
  .intvec            const    0x08000000   0x130  stm32f10x_vector.o [1]
                            - 0x08000130   0x130

"P1":                                     0x2b3c
  .text              ro code  0x08000130   0xc1c  CAN_APP.o [1]
  .text              ro code  0x08000d4c   0x138  stm32f10x_nvic.o [1]
  .text              ro code  0x08000e84   0x624  stm32f10x_can.o [1]
  .text              ro code  0x080014a8   0x270  settings.o [1]
  .text              ro code  0x08001718   0x5d8  stm32f10x_init.o [1]
  .text              ro code  0x08001cf0    0x7a  cortexm3_macro.o [1]
  .text              ro code  0x08001d6c   0x318  stm32f10x_rcc.o [1]
  .text              ro code  0x08002084   0x2e0  iexec.o [1]
  .text              ro code  0x08002364   0x160  24LC02.o [1]
  .text              ro code  0x080024c4    0x3a  main.o [1]
  .text              ro code  0x08002500    0x44  stm32f10x_flash.o [1]
  .text              ro code  0x08002544    0x64  stm32f10x_systick.o [1]
  .text              ro code  0x080025a8    0xc4  stm32f10x_gpio.o [1]
  .text              ro code  0x0800266c   0x164  stm32f10x_adc.o [1]
  .text              ro code  0x080027d0    0xde  stm32f10x_i2c.o [1]
  .text              ro code  0x080028b0   0x222  stm32f10x_it.o [1]
  .rodata            const    0x08002ad4    0x78  settings.o [1]
  .text              ro code  0x08002b4c    0x40  zero_init3.o [5]
  .text              ro code  0x08002b8c    0x2c  copy_init3.o [5]
  .text              ro code  0x08002bb8    0x28  data_init.o [5]
  .iar.init_table    const    0x08002be0    0x24  - Linker created -
  .text              ro code  0x08002c04    0x1a  cmain.o [5]
  .text              ro code  0x08002c1e     0x4  low_level_init.o [3]
  .text              ro code  0x08002c22     0x4  exit.o [3]
  .text              ro code  0x08002c28     0xa  cexit.o [5]
  .text              ro code  0x08002c34    0x14  exit.o [6]
  .rodata            const    0x08002c48    0x10  stm32f10x_rcc.o [1]
  .text              ro code  0x08002c58     0xc  cstartup_M.o [5]
  .rodata            const    0x08002c64     0x4  stm32f10x_rcc.o [1]
  Initializer bytes  const    0x08002c68     0x4  <for P2-1>
  .rodata            const    0x08002c6c     0x0  zero_init3.o [5]
  .rodata            const    0x08002c6c     0x0  copy_init3.o [5]
                            - 0x08002c6c  0x2b3c

"P2", part 1 of 3:                           0x4
  P2-1                        0x20000000     0x3  <Init block>
    .data            inited   0x20000000     0x2  iexec.o [1]
    .data            inited   0x20000002     0x1  iexec.o [1]
                            - 0x20000003     0x3

"P2", part 2 of 3:                         0x188
  .bss               zero     0x20000004    0xc8  stm32f10x_it.o [1]
  .bss               zero     0x200000cc    0x14  stm32f10x_init.o [1]
  .bss               zero     0x200000e0    0x10  stm32f10x_init.o [1]
  .bss               zero     0x200000f0     0xc  stm32f10x_init.o [1]
  .bss               zero     0x200000fc     0x8  main.o [1]
  .bss               zero     0x20000104     0x4  CAN_APP.o [1]
  .bss               zero     0x20000108     0x4  CAN_APP.o [1]
  .bss               zero     0x2000010c     0x4  stm32f10x_init.o [1]
  .bss               zero     0x20000110     0x4  stm32f10x_init.o [1]
  .bss               zero     0x20000114     0x4  stm32f10x_init.o [1]
  .bss               zero     0x20000118     0x4  stm32f10x_init.o [1]
  .bss               zero     0x2000011c     0x2  iexec.o [1]
  .bss               zero     0x2000011e     0x2  iexec.o [1]
  .bss               zero     0x20000120     0x2  iexec.o [1]
  .bss               zero     0x20000122     0x2  main.o [1]
  .bss               zero     0x20000124     0x2  main.o [1]
  .bss               zero     0x20000126     0x2  main.o [1]
  .bss               zero     0x20000128     0x2  settings.o [1]
  .bss               zero     0x2000012a     0x2  settings.o [1]
  .bss               zero     0x2000012c     0x2  settings.o [1]
  .bss               zero     0x2000012e     0x2  settings.o [1]
  .bss               zero     0x20000130     0x2  settings.o [1]
  .bss               zero     0x20000132     0x2  settings.o [1]
  .bss               zero     0x20000134     0x2  settings.o [1]
  .bss               zero     0x20000136     0x2  settings.o [1]
  .bss               zero     0x20000138     0x2  settings.o [1]
  .bss               zero     0x2000013a     0x1  BALANCE.o [1]
  .bss               zero     0x2000013b     0x1  BALANCE.o [1]
  .bss               zero     0x2000013c     0x1  BALANCE.o [1]
  .bss               zero     0x2000013d     0x1  BALANCE.o [1]
  .bss               zero     0x2000013e     0x1  BALANCE.o [1]
  .bss               zero     0x2000013f     0x1  BALANCE.o [1]
  .bss               zero     0x20000140     0x1  BALANCE.o [1]
  .bss               zero     0x20000141     0x1  BALANCE.o [1]
  .bss               zero     0x20000142     0x1  BALANCE.o [1]
  .bss               zero     0x20000143     0x1  BALANCE.o [1]
  .bss               zero     0x20000144     0x1  BALANCE.o [1]
  .bss               zero     0x20000145     0x1  BALANCE.o [1]
  .bss               zero     0x20000146     0x1  BALANCE.o [1]
  .bss               zero     0x20000147     0x1  BALANCE.o [1]
  .bss               zero     0x20000148     0x1  BALANCE.o [1]
  .bss               zero     0x20000149     0x1  BALANCE.o [1]
  .bss               zero     0x2000014a     0x1  BALANCE.o [1]
  .bss               zero     0x2000014b     0x1  BALANCE.o [1]
  .bss               zero     0x2000014c     0x1  BALANCE.o [1]
  .bss               zero     0x2000014d     0x1  BALANCE.o [1]
  .bss               zero     0x2000014e     0x1  BALANCE.o [1]
  .bss               zero     0x2000014f     0x1  BALANCE.o [1]
  .bss               zero     0x20000150     0x1  BALANCE.o [1]
  .bss               zero     0x20000151     0x1  BALANCE.o [1]
  .bss               zero     0x20000152     0x1  BALANCE.o [1]
  .bss               zero     0x20000153     0x1  BALANCE.o [1]
  .bss               zero     0x20000154     0x1  BALANCE.o [1]
  .bss               zero     0x20000155     0x1  BALANCE.o [1]
  .bss               zero     0x20000156     0x1  BALANCE.o [1]
  .bss               zero     0x20000157     0x1  BALANCE.o [1]
  .bss               zero     0x20000158     0x1  BALANCE.o [1]
  .bss               zero     0x20000159     0x1  BALANCE.o [1]
  .bss               zero     0x2000015a     0x1  BALANCE.o [1]
  .bss               zero     0x2000015b     0x1  BALANCE.o [1]
  .bss               zero     0x2000015c     0x1  BALANCE.o [1]
  .bss               zero     0x2000015d     0x1  BALANCE.o [1]
  .bss               zero     0x2000015e     0x1  CAN_APP.o [1]
  .bss               zero     0x2000015f     0x1  CAN_APP.o [1]
  .bss               zero     0x20000160     0x1  CAN_APP.o [1]
  .bss               zero     0x20000161     0x1  CAN_APP.o [1]
  .bss               zero     0x20000162     0x1  CAN_APP.o [1]
  .bss               zero     0x20000163     0x1  CAN_APP.o [1]
  .bss               zero     0x20000164     0x1  CAN_APP.o [1]
  .bss               zero     0x20000165     0x1  CAN_APP.o [1]
  .bss               zero     0x20000166     0x1  CAN_APP.o [1]
  .bss               zero     0x20000167     0x1  CAN_APP.o [1]
  .bss               zero     0x20000168     0x1  CAN_APP.o [1]
  .bss               zero     0x20000169     0x1  CAN_APP.o [1]
  .bss               zero     0x2000016a     0x1  CAN_APP.o [1]
  .bss               zero     0x2000016b     0x1  main.o [1]
  .bss               zero     0x2000016c     0x1  main.o [1]
  .bss               zero     0x2000016d     0x1  main.o [1]
  .bss               zero     0x2000016e     0x1  main.o [1]
  .bss               zero     0x2000016f     0x1  main.o [1]
  .bss               zero     0x20000170     0x1  main.o [1]
  .bss               zero     0x20000171     0x1  main.o [1]
  .bss               zero     0x20000172     0x1  main.o [1]
  .bss               zero     0x20000173     0x1  main.o [1]
  .bss               zero     0x20000174     0x1  main.o [1]
  .bss               zero     0x20000175     0x1  main.o [1]
  .bss               zero     0x20000176     0x1  main.o [1]
  .bss               zero     0x20000177     0x1  main.o [1]
  .bss               zero     0x20000178     0x1  main.o [1]
  .bss               zero     0x20000179     0x1  main.o [1]
  .bss               zero     0x2000017a     0x1  main.o [1]
  .bss               zero     0x2000017b     0x1  main.o [1]
  .bss               zero     0x2000017c     0x1  main.o [1]
  .bss               zero     0x2000017d     0x1  main.o [1]
  .bss               zero     0x2000017e     0x1  main.o [1]
  .bss               zero     0x2000017f     0x1  settings.o [1]
  .bss               zero     0x20000180     0x1  settings.o [1]
  .bss               zero     0x20000181     0x1  settings.o [1]
  .bss               zero     0x20000182     0x1  settings.o [1]
  .bss               zero     0x20000183     0x1  settings.o [1]
  .bss               zero     0x20000184     0x1  settings.o [1]
  .bss               zero     0x20000185     0x1  settings.o [1]
  .bss               zero     0x20000186     0x1  settings.o [1]
  .bss               zero     0x20000187     0x1  settings.o [1]
  .bss               zero     0x20000188     0x1  settings.o [1]
  .bss               zero     0x20000189     0x1  stm32f10x_it.o [1]
  .bss               zero     0x2000018a     0x1  stm32f10x_it.o [1]
                            - 0x2000018b   0x187

"P2", part 3 of 3:                         0x400
  CSTACK                      0x20000190   0x400  <Block>
    CSTACK           uninit   0x20000190   0x400  <Block tail>
                            - 0x20000590   0x400


*******************************************************************************
*** INIT TABLE
***

          Address     Size
          -------     ----
Zero (__iar_zero_init3)
    1 destination range, total size 0x187:
          0x20000004  0x187

Copy (__iar_copy_init3)
    1 source range, total size 0x4 (133% of destination):
          0x08002c68    0x4
    1 destination range, total size 0x3:
          0x20000000    0x3



*******************************************************************************
*** MODULE SUMMARY
***

    Module               ro code  ro data  rw data
    ------               -------  -------  -------
C:\00-TYM-Balance\20210423_Enkhbat\STM32_B_Version\Obj: [1]
    24LC02.o                 352
    BALANCE.o                                   36
    CAN_APP.o              3 100                21
    cortexm3_macro.o         122
    iexec.o                  736        3        9
    main.o                    58                34
    settings.o               624      120       28
    stm32f10x_adc.o          356
    stm32f10x_can.o        1 572
    stm32f10x_flash.o         68
    stm32f10x_gpio.o         196
    stm32f10x_i2c.o          222
    stm32f10x_init.o       1 496                64
    stm32f10x_it.o           546               202
    stm32f10x_nvic.o         312
    stm32f10x_rcc.o          792       20
    stm32f10x_systick.o      100
    stm32f10x_vector.o                304
    ----------------------------------------------
    Total:                10 652      447      394

command line: [2]
    ----------------------------------------------
    Total:

dl7M_tln.a: [3]
    exit.o                     4
    low_level_init.o           4
    ----------------------------------------------
    Total:                     8

m7M_tl.a: [4]
    ----------------------------------------------
    Total:

rt7M_tl.a: [5]
    cexit.o                   10
    cmain.o                   26
    copy_init3.o              44
    cstartup_M.o              12
    data_init.o               40
    zero_init3.o              64
    ----------------------------------------------
    Total:                   196

shb_l.a: [6]
    exit.o                    20
    ----------------------------------------------
    Total:                    20

    Gaps                      10        2
    Linker created                     37    1 024
--------------------------------------------------
    Grand Total:          10 886      486    1 418


*******************************************************************************
*** ENTRY LIST
***

Entry                      Address   Size  Type      Object
-----                      -------   ----  ----      ------
.iar.init_table$$Base   0x08002be0          --   Gb  - Linker created -
.iar.init_table$$Limit  0x08002c04          --   Gb  - Linker created -
?main                   0x08002c05         Code  Gb  cmain.o [5]
ADC1_2_IRQHandler       0x0800295f    0x2  Code  Gb  stm32f10x_it.o [1]
ADC2_Configuration      0x08001971   0xfa  Code  Gb  stm32f10x_init.o [1]
ADC3_IRQHandler         0x08002ab9    0x2  Code  Gb  stm32f10x_it.o [1]
ADCPrescTable           0x08002c64    0x4  Data  Lc  stm32f10x_rcc.o [1]
ADC_BATTERY             0x2000015c    0x1  Data  Gb  BALANCE.o [1]
ADC_Cmd                 0x080026b7   0x1a  Code  Gb  stm32f10x_adc.o [1]
ADC_GetCalibrationStatus
                        0x080026f7   0x12  Code  Gb  stm32f10x_adc.o [1]
ADC_GetResetCalibrationStatus
                        0x080026db   0x12  Code  Gb  stm32f10x_adc.o [1]
ADC_Init                0x0800266d   0x4a  Code  Gb  stm32f10x_adc.o [1]
ADC_ROLLING             0x2000015a    0x1  Data  Gb  BALANCE.o [1]
ADC_RegularChannelConfig
                        0x08002709   0xc0  Code  Gb  stm32f10x_adc.o [1]
ADC_ResetCalibration    0x080026d1    0xa  Code  Gb  stm32f10x_adc.o [1]
ADC_STROCK              0x20000158    0x1  Data  Gb  BALANCE.o [1]
ADC_StartCalibration    0x080026ed    0xa  Code  Gb  stm32f10x_adc.o [1]
AD_BALANCE_SET          0x20000157    0x1  Data  Gb  BALANCE.o [1]
AD_ROLLING              0x2000015b    0x1  Data  Gb  BALANCE.o [1]
AD_STROCK               0x20000159    0x1  Data  Gb  BALANCE.o [1]
APBAHBPrescTable        0x08002c48   0x10  Data  Lc  stm32f10x_rcc.o [1]
BusFaultException       0x080028e1    0x2  Code  Gb  stm32f10x_it.o [1]
CAN0_Exe                0x08000155  0x35c  Code  Gb  CAN_APP.o [1]
CAN0_INC                0x20000189    0x1  Data  Gb  stm32f10x_it.o [1]
CAN0_Init               0x08001a6b  0x204  Code  Gb  stm32f10x_init.o [1]
CAN0_USE                0x2000018a    0x1  Data  Gb  stm32f10x_it.o [1]
CANTXERR_COUNT          0x20000167    0x1  Data  Lc  CAN_APP.o [1]
CANTXERR_FG             0x2000015e    0x1  Data  Gb  CAN_APP.o [1]
CAN_DeInit              0x08000e85   0x18  Code  Gb  stm32f10x_can.o [1]
CAN_Ext_Tx_nByte        0x080004b1   0xa8  Code  Gb  CAN_APP.o [1]
CAN_FIFORelease         0x0800137f   0x1a  Code  Gb  stm32f10x_can.o [1]
CAN_FilterInit          0x08000ffb  0x124  Code  Gb  stm32f10x_can.o [1]
CAN_FilterInitStructure
                        0x200000e0   0x10  Data  Gb  stm32f10x_init.o [1]
CAN_ITConfig            0x0800114d   0x28  Code  Gb  stm32f10x_can.o [1]
CAN_Init                0x08000e9d  0x15e  Code  Gb  stm32f10x_can.o [1]
CAN_InitStructure       0x200000f0    0xc  Data  Gb  stm32f10x_init.o [1]
CAN_MsgSend             0x200000fc    0x8  Data  Gb  main.o [1]
CAN_RX1_IRQHandler      0x08002a85    0x2  Code  Gb  stm32f10x_it.o [1]
CAN_Receive             0x08001399   0xd2  Code  Gb  stm32f10x_can.o [1]
CAN_SCE_IRQHandler      0x08002a87    0x2  Code  Gb  stm32f10x_it.o [1]
CAN_StructInit          0x0800111f   0x2e  Code  Gb  stm32f10x_can.o [1]
CAN_TRASMITTER_PROC     0x08000751  0x4b8  Code  Gb  CAN_APP.o [1]
CAN_TRASMITTER_PROC::T_SEND
                        0x20000169    0x1  Data  Lc  CAN_APP.o [1]
CAN_TRASMITTER_PROC::T_SEQ
                        0x20000168    0x1  Data  Lc  CAN_APP.o [1]
CAN_TRASMITTER_PROC::T_TEST
                        0x2000016a    0x1  Data  Lc  CAN_APP.o [1]
CAN_Transmit            0x08001175  0x154  Code  Gb  stm32f10x_can.o [1]
CAN_TransmitStatus      0x080012c9   0xb6  Code  Gb  stm32f10x_can.o [1]
CORTEX_initial          0x08001cc5   0x2c  Code  Gb  stm32f10x_init.o [1]
CSTACK$$Base            0x20000190          --   Gb  - Linker created -
CSTACK$$Limit           0x20000590          --   Gb  - Linker created -
Can_Recive_Setting      0x20000183    0x1  Data  Gb  settings.o [1]
Can_Send_HandChk        0x08000559  0x1bc  Code  Gb  CAN_APP.o [1]
DMA1_Channel1_IRQHandler
                        0x08002951    0x2  Code  Gb  stm32f10x_it.o [1]
DMA1_Channel2_IRQHandler
                        0x08002953    0x2  Code  Gb  stm32f10x_it.o [1]
DMA1_Channel3_IRQHandler
                        0x08002955    0x2  Code  Gb  stm32f10x_it.o [1]
DMA1_Channel4_IRQHandler
                        0x08002957    0x2  Code  Gb  stm32f10x_it.o [1]
DMA1_Channel5_IRQHandler
                        0x08002959    0x2  Code  Gb  stm32f10x_it.o [1]
DMA1_Channel6_IRQHandler
                        0x0800295b    0x2  Code  Gb  stm32f10x_it.o [1]
DMA1_Channel7_IRQHandler
                        0x0800295d    0x2  Code  Gb  stm32f10x_it.o [1]
DMA2_Channel1_IRQHandler
                        0x08002acb    0x2  Code  Gb  stm32f10x_it.o [1]
DMA2_Channel2_IRQHandler
                        0x08002acd    0x2  Code  Gb  stm32f10x_it.o [1]
DMA2_Channel3_IRQHandler
                        0x08002acf    0x2  Code  Gb  stm32f10x_it.o [1]
DMA2_Channel4_5_IRQHandler
                        0x08002ad1    0x2  Code  Gb  stm32f10x_it.o [1]
DebugMonitor            0x080028e5    0x2  Code  Gb  stm32f10x_it.o [1]
Delay_1ms               0x080024d7   0x1c  Code  Gb  main.o [1]
Delay_Nop               0x080024c5   0x12  Code  Gb  main.o [1]
Diagnositc_On           0x2000015f    0x1  Data  Gb  CAN_APP.o [1]
EEPROM_OPTION_MANUAL    0x2000012c    0x2  Data  Gb  settings.o [1]
EEPROM_READ             0x08002371    0xa  Code  Gb  24LC02.o [1]
EEPROM_WRITE            0x08002365    0xc  Code  Gb  24LC02.o [1]
EE_BAL_SET_DATA         0x20000128    0x2  Data  Gb  settings.o [1]
EE_Data_Range           0x08002ad4   0x78  Data  Gb  settings.o [1]
EE_MODE_SENSTIVE        0x2000012e    0x2  Data  Gb  settings.o [1]
EE_MODE_SENSTIVE_TIME   0x20000134    0x2  Data  Gb  settings.o [1]
EE_MODE_SLOW            0x20000132    0x2  Data  Gb  settings.o [1]
EE_MODE_SLOW_TIME       0x20000138    0x2  Data  Gb  settings.o [1]
EE_MODE_STANDARD        0x20000130    0x2  Data  Gb  settings.o [1]
EE_MODE_STANDARD_TIME   0x20000136    0x2  Data  Gb  settings.o [1]
EE_STROCK_SET_DATA      0x2000012a    0x2  Data  Gb  settings.o [1]
EXTI0_IRQHandler        0x08002947    0x2  Code  Gb  stm32f10x_it.o [1]
EXTI15_10_IRQHandler    0x08002aab    0x2  Code  Gb  stm32f10x_it.o [1]
EXTI1_IRQHandler        0x08002949    0x2  Code  Gb  stm32f10x_it.o [1]
EXTI2_IRQHandler        0x0800294b    0x2  Code  Gb  stm32f10x_it.o [1]
EXTI3_IRQHandler        0x0800294d    0x2  Code  Gb  stm32f10x_it.o [1]
EXTI4_IRQHandler        0x0800294f    0x2  Code  Gb  stm32f10x_it.o [1]
EXTI9_5_IRQHandler      0x08002a89    0x2  Code  Gb  stm32f10x_it.o [1]
FI_BAL_DOWN             0x2000013d    0x1  Data  Gb  BALANCE.o [1]
FI_BAL_UP               0x2000013c    0x1  Data  Gb  BALANCE.o [1]
FI_EX_BAL_DOWN          0x2000013f    0x1  Data  Gb  BALANCE.o [1]
FI_EX_BAL_UP            0x2000013e    0x1  Data  Gb  BALANCE.o [1]
FI_SEL                  0x2000013a    0x1  Data  Gb  BALANCE.o [1]
FI_SENSTIVE             0x2000013b    0x1  Data  Gb  BALANCE.o [1]
FI_UPLIMIT              0x20000140    0x1  Data  Gb  BALANCE.o [1]
FLASH_IRQHandler        0x08002901    0x2  Code  Gb  stm32f10x_it.o [1]
FLASH_PrefetchBufferCmd
                        0x08002521   0x20  Code  Gb  stm32f10x_flash.o [1]
FLASH_SetLatency        0x08002501   0x20  Code  Gb  stm32f10x_flash.o [1]
FM_FLAT                 0x20000142    0x1  Data  Gb  BALANCE.o [1]
FM_MANUAL               0x20000143    0x1  Data  Gb  BALANCE.o [1]
FM_SLOPE                0x20000141    0x1  Data  Gb  BALANCE.o [1]
FOL_FLAT                0x20000147    0x1  Data  Gb  BALANCE.o [1]
FOL_MANUAL              0x20000146    0x1  Data  Gb  BALANCE.o [1]
FOL_MIDDLE              0x2000014a    0x1  Data  Gb  BALANCE.o [1]
FOL_SENSTIVE            0x20000149    0x1  Data  Gb  BALANCE.o [1]
FOL_SLOPE               0x20000148    0x1  Data  Gb  BALANCE.o [1]
FOL_SLOW                0x2000014b    0x1  Data  Gb  BALANCE.o [1]
FOS_BAL_DOWN            0x20000144    0x1  Data  Gb  BALANCE.o [1]
FOS_BAL_UP              0x20000145    0x1  Data  Gb  BALANCE.o [1]
FP_BAL_PALL_RUN         0x20000154    0x1  Data  Gb  BALANCE.o [1]
FP_BAL_SETTING          0x20000155    0x1  Data  Gb  BALANCE.o [1]
FP_BAL_SET_ERR          0x20000152    0x1  Data  Gb  BALANCE.o [1]
FP_BATTERY_ERR          0x20000153    0x1  Data  Gb  BALANCE.o [1]
FP_CAN_Timer_2mSec      0x2000016c    0x1  Data  Gb  main.o [1]
FP_FLAT                 0x2000014d    0x1  Data  Gb  BALANCE.o [1]
FP_POWER_ON             0x2000016b    0x1  Data  Gb  main.o [1]
FP_ROLLING_H_ERR        0x2000014e    0x1  Data  Gb  BALANCE.o [1]
FP_ROLLING_L_ERR        0x2000014f    0x1  Data  Gb  BALANCE.o [1]
FP_SLOPE                0x2000014c    0x1  Data  Gb  BALANCE.o [1]
FP_STROCK_H_ERR         0x20000150    0x1  Data  Gb  BALANCE.o [1]
FP_STROCK_L_ERR         0x20000151    0x1  Data  Gb  BALANCE.o [1]
FSMC_IRQHandler         0x08002abb    0x2  Code  Gb  stm32f10x_it.o [1]
Flash_FULL_Auto         0x080014e1  0x190  Code  Gb  settings.o [1]
GPIO_Init               0x080025a9   0xc4  Code  Gb  stm32f10x_gpio.o [1]
GPIO_InitStructure      0x20000114    0x4  Data  Gb  stm32f10x_init.o [1]
GPIO_port_initial       0x08001807  0x16a  Code  Gb  stm32f10x_init.o [1]
GYRO_Recive_Flag        0x2000016e    0x1  Data  Gb  main.o [1]
GYRO_X                  0x20000126    0x2  Data  Gb  main.o [1]
Gp_initial              0x08001719    0xa  Code  Gb  stm32f10x_init.o [1]
Gyro_Recive_Data_1      0x20000177    0x1  Data  Gb  main.o [1]
Gyro_Recive_Data_2      0x20000178    0x1  Data  Gb  main.o [1]
Gyro_Recive_Data_3      0x20000179    0x1  Data  Gb  main.o [1]
Gyro_Recive_Data_4      0x2000017a    0x1  Data  Gb  main.o [1]
Gyro_Recive_Data_5      0x2000017b    0x1  Data  Gb  main.o [1]
Gyro_Recive_Data_6      0x2000017c    0x1  Data  Gb  main.o [1]
Gyro_Recive_Data_7      0x2000017d    0x1  Data  Gb  main.o [1]
Gyro_Recive_Data_8      0x2000017e    0x1  Data  Gb  main.o [1]
HandChk_Send_Flag       0x20000160    0x1  Data  Lc  CAN_APP.o [1]
Hand_Chk_Source_Addr_1  0x20000161    0x1  Data  Lc  CAN_APP.o [1]
Hand_Chk_Source_Addr_2  0x20000162    0x1  Data  Lc  CAN_APP.o [1]
Hand_Chk_Source_Data_1  0x20000163    0x1  Data  Lc  CAN_APP.o [1]
Hand_Chk_Source_Data_2  0x20000164    0x1  Data  Lc  CAN_APP.o [1]
Hand_Chk_Target_Addr    0x20000165    0x1  Data  Lc  CAN_APP.o [1]
HardFaultException      0x080028dd    0x2  Code  Gb  stm32f10x_it.o [1]
I2C1_ER_IRQHandler      0x08002a9b    0x2  Code  Gb  stm32f10x_it.o [1]
I2C1_EV_IRQHandler      0x08002a99    0x2  Code  Gb  stm32f10x_it.o [1]
I2C2_ER_IRQHandler      0x08002a9f    0x2  Code  Gb  stm32f10x_it.o [1]
I2C2_EV_IRQHandler      0x08002a9d    0x2  Code  Gb  stm32f10x_it.o [1]
I2C_AcknowledgeConfig   0x08002825   0x1c  Code  Gb  stm32f10x_i2c.o [1]
I2C_CheckEvent          0x08002863   0x22  Code  Gb  stm32f10x_i2c.o [1]
I2C_Cmd                 0x080027d1   0x1c  Code  Gb  stm32f10x_i2c.o [1]
I2C_GenerateSTART       0x080027ed   0x1c  Code  Gb  stm32f10x_i2c.o [1]
I2C_GenerateSTOP        0x08002809   0x1c  Code  Gb  stm32f10x_i2c.o [1]
I2C_GetFlagStatus       0x08002885   0x2a  Code  Gb  stm32f10x_i2c.o [1]
I2C_ReceiveData         0x08002847    0x6  Code  Gb  stm32f10x_i2c.o [1]
I2C_Send7bitAddress     0x0800284d   0x16  Code  Gb  stm32f10x_i2c.o [1]
I2C_SendData            0x08002841    0x6  Code  Gb  stm32f10x_i2c.o [1]
JumpAddress             0x20000104    0x4  Data  Gb  CAN_APP.o [1]
Jump_To_Application     0x20000108    0x4  Data  Gb  CAN_APP.o [1]
Leak_Option_Flag        0x20000156    0x1  Data  Gb  BALANCE.o [1]
MemManageException      0x080028df    0x2  Code  Gb  stm32f10x_it.o [1]
NMIException            0x080028b1   0x2c  Code  Gb  stm32f10x_it.o [1]
NVIC_Init               0x08000d4d   0x98  Code  Gb  stm32f10x_nvic.o [1]
NVIC_InitStructure      0x20000118    0x4  Data  Gb  stm32f10x_init.o [1]
NVIC_RESETPRIMASK       0x08000ded    0x8  Code  Gb  stm32f10x_nvic.o [1]
NVIC_SETPRIMASK         0x08000de5    0x8  Code  Gb  stm32f10x_nvic.o [1]
NVIC_SetVectorTable     0x08000df5    0xc  Code  Gb  stm32f10x_nvic.o [1]
NVIC_SystemHandlerPriorityConfig
                        0x08000e01   0x68  Code  Gb  stm32f10x_nvic.o [1]
NVIC_initial            0x0800179d   0x36  Code  Gb  stm32f10x_init.o [1]
OBJECT_POSITION         0x2000015d    0x1  Data  Gb  BALANCE.o [1]
OUT_PUT                 0x080020c9  0x25c  Code  Gb  iexec.o [1]
OUT_PUT::OUT_PORTA      0x2000011c    0x2  Data  Lc  iexec.o [1]
OUT_PUT::OUT_PORTB      0x2000011e    0x2  Data  Lc  iexec.o [1]
OUT_PUT::OUT_PORTC      0x20000000    0x2  Data  Lc  iexec.o [1]
OUT_PUT::OUT_PORTD      0x20000120    0x2  Data  Lc  iexec.o [1]
PITCH_ANGLE             0x20000122    0x2  Data  Gb  main.o [1]
PLL_initial             0x08001723   0x7a  Code  Gb  stm32f10x_init.o [1]
PVD_IRQHandler          0x080028fb    0x2  Code  Gb  stm32f10x_it.o [1]
PendSVC                 0x080028e9    0x2  Code  Gb  stm32f10x_it.o [1]
RCC_ADCCLKConfig        0x08001eaf   0x12  Code  Gb  stm32f10x_rcc.o [1]
RCC_APB1PeriphClockCmd  0x08001f9b   0x20  Code  Gb  stm32f10x_rcc.o [1]
RCC_APB1PeriphResetCmd  0x08001fbb   0x20  Code  Gb  stm32f10x_rcc.o [1]
RCC_APB2PeriphClockCmd  0x08001f7b   0x20  Code  Gb  stm32f10x_rcc.o [1]
RCC_ClearITPendingBit   0x08002035    0x6  Code  Gb  stm32f10x_rcc.o [1]
RCC_ClockFreq           0x200000cc   0x14  Data  Gb  stm32f10x_init.o [1]
RCC_ClockSecuritySystemCmd
                        0x08001fdb    0x8  Code  Gb  stm32f10x_rcc.o [1]
RCC_DeInit              0x08001d6d   0x5e  Code  Gb  stm32f10x_rcc.o [1]
RCC_GetClocksFreq       0x08001ec1   0xba  Code  Gb  stm32f10x_rcc.o [1]
RCC_GetFlagStatus       0x08001fe3   0x3c  Code  Gb  stm32f10x_rcc.o [1]
RCC_GetITStatus         0x0800201f   0x16  Code  Gb  stm32f10x_rcc.o [1]
RCC_GetSYSCLKSource     0x08001e4d    0xa  Code  Gb  stm32f10x_rcc.o [1]
RCC_HCLKConfig          0x08001e57   0x12  Code  Gb  stm32f10x_rcc.o [1]
RCC_HSEConfig           0x08001dcb   0x54  Code  Gb  stm32f10x_rcc.o [1]
RCC_IRQHandler          0x08002903   0x44  Code  Gb  stm32f10x_it.o [1]
RCC_ITConfig            0x08001e8f   0x20  Code  Gb  stm32f10x_rcc.o [1]
RCC_PCLK1Config         0x08001e69   0x12  Code  Gb  stm32f10x_rcc.o [1]
RCC_PCLK2Config         0x08001e7b   0x14  Code  Gb  stm32f10x_rcc.o [1]
RCC_PLLCmd              0x08001e33    0x8  Code  Gb  stm32f10x_rcc.o [1]
RCC_PLLConfig           0x08001e1f   0x14  Code  Gb  stm32f10x_rcc.o [1]
RCC_SYSCLKConfig        0x08001e3b   0x12  Code  Gb  stm32f10x_rcc.o [1]
ROLL_Recive_Flag        0x2000016d    0x1  Data  Gb  main.o [1]
RTCAlarm_IRQHandler     0x08002aad    0x2  Code  Gb  stm32f10x_it.o [1]
RTC_IRQHandler          0x080028ff    0x2  Code  Gb  stm32f10x_it.o [1]
RUN_BOOTLOADER          0x08000131   0x24  Code  Gb  CAN_APP.o [1]
Region$$Table$$Base     0x08002be0          --   Gb  - Linker created -
Region$$Table$$Limit    0x08002c04          --   Gb  - Linker created -
Roll_Recive_Data_1      0x2000016f    0x1  Data  Gb  main.o [1]
Roll_Recive_Data_2      0x20000170    0x1  Data  Gb  main.o [1]
Roll_Recive_Data_3      0x20000171    0x1  Data  Gb  main.o [1]
Roll_Recive_Data_4      0x20000172    0x1  Data  Gb  main.o [1]
Roll_Recive_Data_5      0x20000173    0x1  Data  Gb  main.o [1]
Roll_Recive_Data_6      0x20000174    0x1  Data  Gb  main.o [1]
Roll_Recive_Data_7      0x20000175    0x1  Data  Gb  main.o [1]
Roll_Recive_Data_8      0x20000176    0x1  Data  Gb  main.o [1]
RxMessage               0x20000004   0xc8  Data  Gb  stm32f10x_it.o [1]
SDIO_IRQHandler         0x08002abd    0x2  Code  Gb  stm32f10x_it.o [1]
SPI1_IRQHandler         0x08002aa1    0x2  Code  Gb  stm32f10x_it.o [1]
SPI2_IRQHandler         0x08002aa3    0x2  Code  Gb  stm32f10x_it.o [1]
SPI3_IRQHandler         0x08002ac1    0x2  Code  Gb  stm32f10x_it.o [1]
SUB_CAN_READ            0x08001671   0x88  Code  Gb  settings.o [1]
SVCHandler              0x080028e7    0x2  Code  Gb  stm32f10x_it.o [1]
SYSTICK_initial         0x080017d3   0x34  Code  Gb  stm32f10x_init.o [1]
Search_SETTING_NO       0x080014a9   0x38  Code  Gb  settings.o [1]
Setting_Default         0x20000188    0x1  Data  Lc  settings.o [1]
Setting_Recive_Data0    0x2000017f    0x1  Data  Gb  settings.o [1]
Setting_Recive_Data1    0x20000180    0x1  Data  Gb  settings.o [1]
Setting_Recive_Data2    0x20000181    0x1  Data  Gb  settings.o [1]
Setting_Recive_Data3    0x20000182    0x1  Data  Gb  settings.o [1]
Setting_Send_Data0      0x20000184    0x1  Data  Gb  settings.o [1]
Setting_Send_Data1      0x20000185    0x1  Data  Gb  settings.o [1]
Setting_Send_Data2      0x20000186    0x1  Data  Gb  settings.o [1]
Setting_Send_Data3      0x20000187    0x1  Data  Gb  settings.o [1]
SysTickHandler          0x080028eb    0xe  Code  Gb  stm32f10x_it.o [1]
SysTick_CounterCmd      0x0800254b   0x2e  Code  Gb  stm32f10x_systick.o [1]
SysTick_ITConfig        0x08002579   0x22  Code  Gb  stm32f10x_systick.o [1]
SysTick_SetReload       0x08002545    0x6  Code  Gb  stm32f10x_systick.o [1]
TAMPER_IRQHandler       0x080028fd    0x2  Code  Gb  stm32f10x_it.o [1]
TIM1_BRK_IRQHandler     0x08002a8b    0x2  Code  Gb  stm32f10x_it.o [1]
TIM1_CC_IRQHandler      0x08002a91    0x2  Code  Gb  stm32f10x_it.o [1]
TIM1_TRG_COM_IRQHandler
                        0x08002a8f    0x2  Code  Gb  stm32f10x_it.o [1]
TIM1_UP_IRQHandler      0x08002a8d    0x2  Code  Gb  stm32f10x_it.o [1]
TIM2_IRQHandler         0x08002a93    0x2  Code  Gb  stm32f10x_it.o [1]
TIM3_IRQHandler         0x08002a95    0x2  Code  Gb  stm32f10x_it.o [1]
TIM4_IRQHandler         0x08002a97    0x2  Code  Gb  stm32f10x_it.o [1]
TIM5_IRQHandler         0x08002abf    0x2  Code  Gb  stm32f10x_it.o [1]
TIM6_IRQHandler         0x08002ac7    0x2  Code  Gb  stm32f10x_it.o [1]
TIM7_IRQHandler         0x08002ac9    0x2  Code  Gb  stm32f10x_it.o [1]
TIM8_BRK_IRQHandler     0x08002ab1    0x2  Code  Gb  stm32f10x_it.o [1]
TIM8_CC_IRQHandler      0x08002ab7    0x2  Code  Gb  stm32f10x_it.o [1]
TIM8_TRG_COM_IRQHandler
                        0x08002ab5    0x2  Code  Gb  stm32f10x_it.o [1]
TIM8_UP_IRQHandler      0x08002ab3    0x2  Code  Gb  stm32f10x_it.o [1]
T_HandChk_Send          0x20000166    0x1  Data  Lc  CAN_APP.o [1]
UART4_IRQHandler        0x08002ac3    0x2  Code  Gb  stm32f10x_it.o [1]
UART5_IRQHandler        0x08002ac5    0x2  Code  Gb  stm32f10x_it.o [1]
USART1_IRQHandler       0x08002aa5    0x2  Code  Gb  stm32f10x_it.o [1]
USART2_IRQHandler       0x08002aa7    0x2  Code  Gb  stm32f10x_it.o [1]
USART3_IRQHandler       0x08002aa9    0x2  Code  Gb  stm32f10x_it.o [1]
USBWakeUp_IRQHandler    0x08002aaf    0x2  Code  Gb  stm32f10x_it.o [1]
USB_HP_CAN_TX_IRQHandler
                        0x08002961    0x2  Code  Gb  stm32f10x_it.o [1]
USB_LP_CAN_RX0_IRQHandler
                        0x08002963  0x116  Code  Gb  stm32f10x_it.o [1]
UsageFaultException     0x080028e3    0x2  Code  Gb  stm32f10x_it.o [1]
WATCH_DOG               0x08002085   0x3e  Code  Gb  iexec.o [1]
WATCH_DOG::Watch_ON     0x20000002    0x1  Data  Lc  iexec.o [1]
WWDG_IRQHandler         0x080028f9    0x2  Code  Gb  stm32f10x_it.o [1]
YAW_ANGLE               0x20000124    0x2  Data  Gb  main.o [1]
__BASEPRICONFIG         0x08001d57         Code  Gb  cortexm3_macro.o [1]
__DMB                   0x08001d09         Code  Gb  cortexm3_macro.o [1]
__DSB                   0x08001d03         Code  Gb  cortexm3_macro.o [1]
__GetBASEPRI            0x08001d5d         Code  Gb  cortexm3_macro.o [1]
__ISB                   0x08001cfd         Code  Gb  cortexm3_macro.o [1]
__MRS_CONTROL           0x08001d13         Code  Gb  cortexm3_macro.o [1]
__MRS_MSP               0x08001d2f         Code  Gb  cortexm3_macro.o [1]
__MRS_PSP               0x08001d23         Code  Gb  cortexm3_macro.o [1]
__MSR_CONTROL           0x08001d19         Code  Gb  cortexm3_macro.o [1]
__MSR_MSP               0x08001d35         Code  Gb  cortexm3_macro.o [1]
__MSR_PSP               0x08001d29         Code  Gb  cortexm3_macro.o [1]
__READ_FAULTMASK        0x08001d51         Code  Gb  cortexm3_macro.o [1]
__READ_PRIMASK          0x08001d43         Code  Gb  cortexm3_macro.o [1]
__RESETFAULTMASK        0x08001d49         Code  Gb  cortexm3_macro.o [1]
__RESETPRIMASK          0x08001d3b         Code  Gb  cortexm3_macro.o [1]
__REV_HalfWord          0x08001d63         Code  Gb  cortexm3_macro.o [1]
__REV_Word              0x08001d67         Code  Gb  cortexm3_macro.o [1]
__SETFAULTMASK          0x08001d4d         Code  Gb  cortexm3_macro.o [1]
__SETPRIMASK            0x08001d3f         Code  Gb  cortexm3_macro.o [1]
__SEV                   0x08001cf9         Code  Gb  cortexm3_macro.o [1]
__SVC                   0x08001d0f         Code  Gb  cortexm3_macro.o [1]
__WFE                   0x08001cf5         Code  Gb  cortexm3_macro.o [1]
__WFI                   0x08001cf1         Code  Gb  cortexm3_macro.o [1]
__cmain                 0x08002c05         Code  Gb  cmain.o [5]
__exit                  0x08002c35   0x14  Code  Gb  exit.o [6]
__iar_copy_init3        0x08002b8d   0x2c  Code  Gb  copy_init3.o [5]
__iar_data_init3        0x08002bb9   0x28  Code  Gb  data_init.o [5]
__iar_program_start     0x08002c59         Code  Gb  cstartup_M.o [5]
__iar_systems$$module {Abs}
                        0x00000001         Data  Gb  command line/config [2]
__iar_zero_init3        0x08002b4d   0x40  Code  Gb  zero_init3.o [5]
__low_level_init        0x08002c1f    0x4  Code  Gb  low_level_init.o [3]
__vector_table          0x08000000  0x130  Data  Gb  stm32f10x_vector.o [1]
_call_main              0x08002c11         Code  Gb  cmain.o [5]
_exit                   0x08002c29         Code  Gb  cexit.o [5]
_main                   0x08002c1b         Code  Gb  cmain.o [5]
exit                    0x08002c23    0x4  Code  Gb  exit.o [3]
flag0                   0x2000010c    0x4  Data  Gb  stm32f10x_init.o [1]
i2c_byteread            0x080023f1   0xba  Code  Gb  24LC02.o [1]
i2c_bytewrite           0x0800237b   0x76  Code  Gb  24LC02.o [1]
main                    0x080024f3    0xc  Code  Gb  main.o [1]
tm                      0x20000110    0x4  Data  Gb  stm32f10x_init.o [1]


[1] = C:\00-TYM-Balance\20210423_Enkhbat\STM32_B_Version\Obj
[2] = command line
[3] = dl7M_tln.a
[4] = m7M_tl.a
[5] = rt7M_tl.a
[6] = shb_l.a

  10 886 bytes of readonly  code memory
     486 bytes of readonly  data memory
   1 418 bytes of readwrite data memory

Errors: none
Warnings: none
